seed: 1464579783
optimal mvc: 1242 in 0 steps, 0.09003 seconds
optimal mvc: 1240 in 0 steps, 0.090081 seconds
optimal mvc: 1238 in 0 steps, 0.090111 seconds
optimal mvc: 1237 in 1 steps, 0.090159 seconds
optimal mvc: 1236 in 2 steps, 0.09017 seconds
optimal mvc: 1235 in 6 steps, 0.090221 seconds
optimal mvc: 1234 in 7 steps, 0.090235 seconds
optimal mvc: 1233 in 11 steps, 0.09028 seconds
optimal mvc: 1232 in 14 steps, 0.0903 seconds
optimal mvc: 1231 in 23 steps, 0.090367 seconds
optimal mvc: 1230 in 36 steps, 0.09045 seconds
optimal mvc: 1229 in 70 steps, 0.09067 seconds
optimal mvc: 1228 in 186 steps, 0.091449 seconds
optimal mvc: 1227 in 190 steps, 0.091489 seconds
optimal mvc: 1226 in 1096 steps, 0.096586 seconds
optimal mvc: 1225 in 1163 steps, 0.096951 seconds
optimal mvc: 1224 in 1164 steps, 0.096969 seconds
optimal mvc: 1223 in 52403 steps, 0.442761 seconds
optimal mvc: 1222 in 98325 steps, 0.76706 seconds
finish in 40000000 steps, 194.864 seconds
mis: 22 38 49 73 118 124 146 190 215 225 250 278 330 342 366 397 428 435 483 507 541 574 589 628 668 692 712 744 763 780 799 834 851 885 910 920 945 965 1007 1029 1056 1076 1100 1110 1133 1155 1186 1213 1229 1263
mis size: 50
