seed: 1464578847
optimal mvc: 1239 in 0 steps, 0.096491 seconds
optimal mvc: 1237 in 0 steps, 0.096544 seconds
optimal mvc: 1236 in 7 steps, 0.09661 seconds
optimal mvc: 1235 in 8 steps, 0.096632 seconds
optimal mvc: 1234 in 9 steps, 0.096667 seconds
optimal mvc: 1233 in 24 steps, 0.096758 seconds
optimal mvc: 1232 in 25 steps, 0.096783 seconds
optimal mvc: 1231 in 26 steps, 0.096813 seconds
optimal mvc: 1230 in 69 steps, 0.09702 seconds
optimal mvc: 1229 in 215 steps, 0.097746 seconds
optimal mvc: 1228 in 277 steps, 0.09812 seconds
optimal mvc: 1227 in 352 steps, 0.098528 seconds
optimal mvc: 1226 in 406 steps, 0.098864 seconds
optimal mvc: 1225 in 1753 steps, 0.107315 seconds
optimal mvc: 1224 in 3645 steps, 0.122108 seconds
optimal mvc: 1223 in 5196 steps, 0.133929 seconds
optimal mvc: 1222 in 46571 steps, 0.388743 seconds
optimal mvc: 1221 in 176227 steps, 1.20117 seconds
finish in 40000000 steps, 205.723 seconds
mis: 6 48 51 91 116 143 150 175 194 231 241 287 291 331 375 385 423 440 470 487 506 543 575 577 615 633 669 684 699 723 747 812 833 847 881 896 933 954 970 1001 1016 1052 1071 1091 1126 1142 1173 1179 1209 1238 1259
mis size: 51
