seed: 1464575802
optimal mvc: 733 in 0 steps, 0.043072 seconds
optimal mvc: 731 in 0 steps, 0.043119 seconds
optimal mvc: 730 in 5 steps, 0.04316 seconds
optimal mvc: 729 in 11 steps, 0.043194 seconds
optimal mvc: 728 in 69 steps, 0.043412 seconds
optimal mvc: 727 in 239 steps, 0.044018 seconds
optimal mvc: 726 in 287 steps, 0.044215 seconds
optimal mvc: 725 in 637 steps, 0.045656 seconds
optimal mvc: 724 in 826 steps, 0.046585 seconds
optimal mvc: 723 in 4400 steps, 0.062084 seconds
optimal mvc: 722 in 52712 steps, 0.245593 seconds
optimal mvc: 721 in 3542586 steps, 12.1999 seconds
finish in 40000000 steps, 132.28 seconds
mis: 5 28 52 64 82 112 123 149 160 184 195 224 229 256 274 300 321 332 343 379 389 401 421 438 458 480 495 521 550 562 607 611 645 656 679 700 712 740 742
mis size: 39
