seed: 1464575934
optimal mvc: 732 in 0 steps, 0.05406 seconds
optimal mvc: 731 in 6 steps, 0.054169 seconds
optimal mvc: 730 in 7 steps, 0.054185 seconds
optimal mvc: 729 in 8 steps, 0.054211 seconds
optimal mvc: 728 in 17 steps, 0.05426 seconds
optimal mvc: 727 in 28 steps, 0.054343 seconds
optimal mvc: 726 in 63 steps, 0.054507 seconds
optimal mvc: 725 in 110 steps, 0.0547 seconds
optimal mvc: 724 in 169 steps, 0.054967 seconds
optimal mvc: 723 in 374 steps, 0.055829 seconds
optimal mvc: 722 in 12223 steps, 0.110777 seconds
optimal mvc: 721 in 209266 steps, 0.934746 seconds
finish in 40000000 steps, 117.385 seconds
mis: 5 33 51 58 92 108 116 148 156 185 201 212 240 253 267 290 322 327 344 371 412 437 449 459 493 507 517 547 559 576 595 626 628 653 672 703 711 732 753
mis size: 39
